// Jest Snapshot v1, https://goo.gl/fbAQLP

exports[`ArticleImage should correctly render ArticleImage component 1`] = `
<img
  className="article-image"
  src="https://image.shutterstock.com/image-vector/default-ui-image-placeholder-wireframes-260nw-1037719192.jpg"
/>
`;
